1126337=IfcWallStandardCase.dat
1126370=IfcWallStandardCase.dat
1126403=IfcWallStandardCase.dat
1132682=IfcWallStandardCase.dat
1132715=IfcWallStandardCase.dat
1132748=IfcWallStandardCase.dat
1132793=IfcWallStandardCase.dat
1132877=IfcWallStandardCase.dat
1165291=IfcWallStandardCase.dat
1165444=IfcWallStandardCase.dat
1165563=IfcWallStandardCase.dat
1165634=IfcWallStandardCase.dat
142578=IfcWallStandardCase.dat
142771=IfcWallStandardCase.dat
142928=IfcWallStandardCase.dat
1570611=IfcWallStandardCase.dat
1570644=IfcWallStandardCase.dat
1570677=IfcWallStandardCase.dat
1570710=IfcWallStandardCase.dat
1570744=IfcWallStandardCase.dat
1570778=IfcWallStandardCase.dat
1570811=IfcWallStandardCase.dat
1570888=IfcWallStandardCase.dat
1584161=IfcWallStandardCase.dat
1584194=IfcWallStandardCase.dat
1584227=IfcWallStandardCase.dat
1584260=IfcWallStandardCase.dat
1584293=IfcWallStandardCase.dat
1584326=IfcWallStandardCase.dat
1584359=IfcWallStandardCase.dat
1588226=IfcWallStandardCase.dat
1588259=IfcWallStandardCase.dat
1588319=IfcWallStandardCase.dat
1588352=IfcWallStandardCase.dat
1588412=IfcWallStandardCase.dat
1588446=IfcWallStandardCase.dat
1588479=IfcWallStandardCase.dat
1588513=IfcWallStandardCase.dat
1589159=IfcWall.dat
1589192=IfcWallStandardCase.dat
1589251=IfcWallStandardCase.dat
1589285=IfcWallStandardCase.dat
1589352=IfcWallStandardCase.dat
1589458=IfcCovering.dat
1589602=IfcCovering.dat
1589653=IfcCovering.dat
1589704=IfcCovering.dat
1589747=IfcCovering.dat
1589839=IfcWallStandardCase.dat
1589912=IfcWallStandardCase.dat
1589945=IfcWallStandardCase.dat
1590028=IfcWallStandardCase.dat
1590061=IfcWallStandardCase.dat
1590907=IfcWallStandardCase.dat
1590940=IfcWallStandardCase.dat
1590973=IfcWallStandardCase.dat
1591006=IfcWallStandardCase.dat
1591039=IfcWallStandardCase.dat
1591072=IfcWallStandardCase.dat
1591105=IfcWallStandardCase.dat
1591138=IfcWallStandardCase.dat
1591171=IfcWallStandardCase.dat
1591204=IfcWallStandardCase.dat
1591237=IfcWallStandardCase.dat
1591270=IfcWallStandardCase.dat
1591303=IfcWallStandardCase.dat
1591359=IfcWallStandardCase.dat
1591418=IfcWallStandardCase.dat
1591474=IfcWallStandardCase.dat
1591533=IfcWallStandardCase.dat
1591589=IfcWallStandardCase.dat
1591622=IfcWallStandardCase.dat
1591655=IfcWallStandardCase.dat
1591714=IfcWallStandardCase.dat
1591811=IfcSlab.dat
1591814=IfcSlab.dat
1591817=IfcSlab.dat
1592010=IfcSlab.dat
1592013=IfcSlab.dat
1592016=IfcSlab.dat
1592019=IfcSlab.dat
1592022=IfcSlab.dat
1592025=IfcSlab.dat
1592028=IfcSlab.dat
1592031=IfcSlab.dat
1592112=IfcSlab.dat
1592143=IfcSlab.dat
1592213=IfcSlab.dat
1592216=IfcSlab.dat
1592219=IfcSlab.dat
1592393=IfcSlab.dat
1592396=IfcSlab.dat
1592399=IfcSlab.dat
1592402=IfcSlab.dat
1592405=IfcSlab.dat
1592408=IfcSlab.dat
1592411=IfcSlab.dat
1592414=IfcSlab.dat
1592497=IfcWallStandardCase.dat
1592530=IfcWallStandardCase.dat
1592590=IfcWallStandardCase.dat
1592639=IfcWallStandardCase.dat
1592672=IfcWallStandardCase.dat
1592705=IfcWallStandardCase.dat
1592746=IfcWallStandardCase.dat
1592779=IfcWallStandardCase.dat
1592838=IfcWallStandardCase.dat
1592871=IfcWallStandardCase.dat
1592904=IfcWallStandardCase.dat
1592963=IfcWallStandardCase.dat
1592996=IfcWallStandardCase.dat
1593029=IfcWallStandardCase.dat
1593062=IfcWallStandardCase.dat
1593121=IfcWallStandardCase.dat
1593154=IfcWallStandardCase.dat
1593213=IfcWallStandardCase.dat
1593246=IfcWallStandardCase.dat
1593287=IfcWallStandardCase.dat
1593346=IfcWallStandardCase.dat
1593379=IfcWallStandardCase.dat
1593412=IfcWallStandardCase.dat
1593451=IfcWallStandardCase.dat
1593484=IfcWallStandardCase.dat
1593525=IfcWallStandardCase.dat
1710391=IfcSlab.dat
1710424=IfcWallStandardCase.dat
1710457=IfcWallStandardCase.dat
1710490=IfcWallStandardCase.dat
1710549=IfcWallStandardCase.dat
1710582=IfcWallStandardCase.dat
1710615=IfcWallStandardCase.dat
1710648=IfcWallStandardCase.dat
1710681=IfcWallStandardCase.dat
1710714=IfcWallStandardCase.dat
1710747=IfcWallStandardCase.dat
1710780=IfcWallStandardCase.dat
1710813=IfcWallStandardCase.dat
1710846=IfcWallStandardCase.dat
1710879=IfcWallStandardCase.dat
1710912=IfcWallStandardCase.dat
1710945=IfcWallStandardCase.dat
1710978=IfcWallStandardCase.dat
1711011=IfcWallStandardCase.dat
1711063=IfcWallStandardCase.dat
1711121=IfcWallStandardCase.dat
1711173=IfcWallStandardCase.dat
1711207=IfcWallStandardCase.dat
1711271=IfcWallStandardCase.dat
1711305=IfcWallStandardCase.dat
1711339=IfcWallStandardCase.dat
1711373=IfcWallStandardCase.dat
1711407=IfcWallStandardCase.dat
1711441=IfcWallStandardCase.dat
1711475=IfcWallStandardCase.dat
1711509=IfcWallStandardCase.dat
1711543=IfcWallStandardCase.dat
1711577=IfcWallStandardCase.dat
1711611=IfcWallStandardCase.dat
1711645=IfcWallStandardCase.dat
1711679=IfcWallStandardCase.dat
1711713=IfcWallStandardCase.dat
1711747=IfcWallStandardCase.dat
1711803=IfcWallStandardCase.dat
1711837=IfcWallStandardCase.dat
1711871=IfcWallStandardCase.dat
1711905=IfcWallStandardCase.dat
1711965=IfcWallStandardCase.dat
1711999=IfcWallStandardCase.dat
1712033=IfcWallStandardCase.dat
1712067=IfcWallStandardCase.dat
1712101=IfcWallStandardCase.dat
1712135=IfcWallStandardCase.dat
1712169=IfcWallStandardCase.dat
1712203=IfcWallStandardCase.dat
1712237=IfcWallStandardCase.dat
1712271=IfcWallStandardCase.dat
1712331=IfcWallStandardCase.dat
1712365=IfcWallStandardCase.dat
1719260=IfcWallStandardCase.dat
1719333=IfcWallStandardCase.dat
1719572=IfcWallStandardCase.dat
1721401=IfcSlab.dat
1721404=IfcSlab.dat
1721407=IfcSlab.dat
1721410=IfcSlab.dat
1721413=IfcSlab.dat
1721416=IfcSlab.dat
1721419=IfcSlab.dat
1721422=IfcSlab.dat
1721425=IfcSlab.dat
1721428=IfcSlab.dat
1721431=IfcSlab.dat
174421=IfcWallStandardCase.dat
174454=IfcWallStandardCase.dat
174487=IfcWallStandardCase.dat
180955=IfcWallStandardCase.dat
180988=IfcWallStandardCase.dat
181021=IfcWallStandardCase.dat
181054=IfcWallStandardCase.dat
181087=IfcWallStandardCase.dat
181120=IfcWallStandardCase.dat
181153=IfcWallStandardCase.dat
181186=IfcWallStandardCase.dat
181219=IfcWallStandardCase.dat
181252=IfcWallStandardCase.dat
18759=IfcWallStandardCase.dat
18824=IfcWallStandardCase.dat
18857=IfcWallStandardCase.dat
18890=IfcWallStandardCase.dat
189228=IfcWallStandardCase.dat
18923=IfcWallStandardCase.dat
189261=IfcWallStandardCase.dat
189294=IfcWallStandardCase.dat
18956=IfcWallStandardCase.dat
18989=IfcWallStandardCase.dat
19022=IfcWallStandardCase.dat
19055=IfcWallStandardCase.dat
19088=IfcWallStandardCase.dat
19121=IfcWallStandardCase.dat
19154=IfcWallStandardCase.dat
19187=IfcWallStandardCase.dat
19220=IfcWallStandardCase.dat
19253=IfcWallStandardCase.dat
19286=IfcWallStandardCase.dat
19319=IfcWallStandardCase.dat
19352=IfcWallStandardCase.dat
19385=IfcWallStandardCase.dat
19418=IfcWallStandardCase.dat
19451=IfcWallStandardCase.dat
19484=IfcWallStandardCase.dat
19517=IfcWallStandardCase.dat
19550=IfcWallStandardCase.dat
19583=IfcWallStandardCase.dat
19616=IfcWallStandardCase.dat
19649=IfcWallStandardCase.dat
19682=IfcWallStandardCase.dat
19715=IfcWallStandardCase.dat
19756=IfcWallStandardCase.dat
20248=IfcWall.dat
20280=IfcWallStandardCase.dat
20319=IfcWallStandardCase.dat
203345=IfcWallStandardCase.dat
20354=IfcWallStandardCase.dat
20387=IfcWallStandardCase.dat
203898=IfcWallStandardCase.dat
20420=IfcWallStandardCase.dat
20455=IfcWallStandardCase.dat
20488=IfcWallStandardCase.dat
20521=IfcWallStandardCase.dat
20554=IfcWallStandardCase.dat
20595=IfcWallStandardCase.dat
20634=IfcWallStandardCase.dat
20673=IfcWallStandardCase.dat
20706=IfcWallStandardCase.dat
20739=IfcWallStandardCase.dat
20772=IfcWallStandardCase.dat
20830=IfcWallStandardCase.dat
20869=IfcWallStandardCase.dat
20902=IfcWallStandardCase.dat
20935=IfcWallStandardCase.dat
20968=IfcWallStandardCase.dat
21001=IfcWallStandardCase.dat
21034=IfcWallStandardCase.dat
21067=IfcWallStandardCase.dat
21108=IfcWallStandardCase.dat
21141=IfcWallStandardCase.dat
21182=IfcWallStandardCase.dat
21215=IfcWallStandardCase.dat
21254=IfcWallStandardCase.dat
21287=IfcWallStandardCase.dat
21322=IfcWallStandardCase.dat
21380=IfcWallStandardCase.dat
21413=IfcWallStandardCase.dat
21446=IfcWallStandardCase.dat
21496=IfcWallStandardCase.dat
21538=IfcWallStandardCase.dat
21578=IfcWallStandardCase.dat
21611=IfcWallStandardCase.dat
21650=IfcWallStandardCase.dat
21683=IfcWallStandardCase.dat
21716=IfcWallStandardCase.dat
21749=IfcWallStandardCase.dat
21782=IfcWallStandardCase.dat
21815=IfcWallStandardCase.dat
21848=IfcWallStandardCase.dat
21881=IfcWallStandardCase.dat
21914=IfcWallStandardCase.dat
21947=IfcWallStandardCase.dat
21980=IfcWallStandardCase.dat
22013=IfcWallStandardCase.dat
220300=IfcWallStandardCase.dat
22046=IfcWallStandardCase.dat
22079=IfcWallStandardCase.dat
22114=IfcWallStandardCase.dat
22154=IfcWallStandardCase.dat
22187=IfcWallStandardCase.dat
22220=IfcWallStandardCase.dat
22253=IfcWallStandardCase.dat
22286=IfcWallStandardCase.dat
22319=IfcWallStandardCase.dat
22352=IfcWallStandardCase.dat
22385=IfcWallStandardCase.dat
22418=IfcWallStandardCase.dat
22451=IfcWallStandardCase.dat
22484=IfcWallStandardCase.dat
22524=IfcWallStandardCase.dat
22568=IfcWallStandardCase.dat
22610=IfcWallStandardCase.dat
22643=IfcWallStandardCase.dat
22676=IfcWallStandardCase.dat
22709=IfcWallStandardCase.dat
22742=IfcWallStandardCase.dat
22775=IfcWallStandardCase.dat
22808=IfcWallStandardCase.dat
22841=IfcWallStandardCase.dat
22874=IfcWallStandardCase.dat
22907=IfcWallStandardCase.dat
22940=IfcWallStandardCase.dat
22973=IfcWallStandardCase.dat
23008=IfcWallStandardCase.dat
23043=IfcWallStandardCase.dat
23076=IfcWallStandardCase.dat
23109=IfcWallStandardCase.dat
23142=IfcWallStandardCase.dat
23175=IfcWallStandardCase.dat
23208=IfcWallStandardCase.dat
23277=IfcWallStandardCase.dat
23310=IfcWallStandardCase.dat
23343=IfcWallStandardCase.dat
23376=IfcWallStandardCase.dat
23409=IfcWallStandardCase.dat
23442=IfcWallStandardCase.dat
23475=IfcWallStandardCase.dat
23508=IfcWallStandardCase.dat
23541=IfcWallStandardCase.dat
23574=IfcWallStandardCase.dat
23607=IfcWallStandardCase.dat
23640=IfcWallStandardCase.dat
23673=IfcWallStandardCase.dat
23706=IfcWallStandardCase.dat
23739=IfcWallStandardCase.dat
23772=IfcWallStandardCase.dat
23805=IfcWallStandardCase.dat
23838=IfcWallStandardCase.dat
23871=IfcWallStandardCase.dat
23948=IfcWallStandardCase.dat
23981=IfcWallStandardCase.dat
24014=IfcWallStandardCase.dat
24047=IfcWallStandardCase.dat
24080=IfcWallStandardCase.dat
24113=IfcWallStandardCase.dat
24146=IfcWallStandardCase.dat
24179=IfcWallStandardCase.dat
24212=IfcWallStandardCase.dat
24245=IfcWallStandardCase.dat
24301=IfcWallStandardCase.dat
24360=IfcWallStandardCase.dat
24393=IfcWallStandardCase.dat
24466=IfcWallStandardCase.dat
24499=IfcWallStandardCase.dat
24532=IfcWallStandardCase.dat
24586=IfcWallStandardCase.dat
24619=IfcWallStandardCase.dat
24652=IfcWallStandardCase.dat
24749=IfcWallStandardCase.dat
24782=IfcWallStandardCase.dat
24815=IfcWallStandardCase.dat
24848=IfcWallStandardCase.dat
24881=IfcWallStandardCase.dat
24914=IfcWallStandardCase.dat
24947=IfcWallStandardCase.dat
24980=IfcWallStandardCase.dat
250101=IfcWallStandardCase.dat
25024=IfcWallStandardCase.dat
25066=IfcWallStandardCase.dat
25101=IfcWallStandardCase.dat
25161=IfcWallStandardCase.dat
25233=IfcWallStandardCase.dat
25275=IfcWallStandardCase.dat
25317=IfcWallStandardCase.dat
25350=IfcWallStandardCase.dat
25383=IfcWallStandardCase.dat
25416=IfcWallStandardCase.dat
25457=IfcWallStandardCase.dat
25490=IfcWallStandardCase.dat
25523=IfcWallStandardCase.dat
25563=IfcWallStandardCase.dat
25598=IfcWallStandardCase.dat
25631=IfcWallStandardCase.dat
25664=IfcWallStandardCase.dat
25705=IfcWallStandardCase.dat
25738=IfcWallStandardCase.dat
25771=IfcWallStandardCase.dat
25804=IfcWallStandardCase.dat
25837=IfcWallStandardCase.dat
25870=IfcWallStandardCase.dat
25903=IfcWallStandardCase.dat
25936=IfcWallStandardCase.dat
25969=IfcWallStandardCase.dat
260193=IfcWallStandardCase.dat
260226=IfcWallStandardCase.dat
260259=IfcWallStandardCase.dat
26025=IfcWallStandardCase.dat
26058=IfcWallStandardCase.dat
26114=IfcWallStandardCase.dat
26170=IfcWallStandardCase.dat
26203=IfcWallStandardCase.dat
26236=IfcWallStandardCase.dat
26269=IfcWallStandardCase.dat
26302=IfcWallStandardCase.dat
26335=IfcWallStandardCase.dat
26368=IfcWallStandardCase.dat
263846=IfcWallStandardCase.dat
263879=IfcWallStandardCase.dat
263912=IfcWallStandardCase.dat
263974=IfcWall.dat
26409=IfcWallStandardCase.dat
26442=IfcWallStandardCase.dat
26481=IfcWallStandardCase.dat
26520=IfcWallStandardCase.dat
26553=IfcWallStandardCase.dat
26586=IfcWallStandardCase.dat
26669=IfcWallStandardCase.dat
26702=IfcWallStandardCase.dat
26735=IfcWallStandardCase.dat
26768=IfcWallStandardCase.dat
26801=IfcWallStandardCase.dat
26834=IfcWallStandardCase.dat
26867=IfcWallStandardCase.dat
26900=IfcWallStandardCase.dat
26933=IfcWallStandardCase.dat
26966=IfcWallStandardCase.dat
26999=IfcWallStandardCase.dat
27062=IfcWallStandardCase.dat
27095=IfcWallStandardCase.dat
271029=IfcWall.dat
27128=IfcWallStandardCase.dat
27161=IfcWallStandardCase.dat
27224=IfcWallStandardCase.dat
27265=IfcWallStandardCase.dat
27298=IfcWallStandardCase.dat
27331=IfcWallStandardCase.dat
27364=IfcWallStandardCase.dat
27397=IfcWallStandardCase.dat
27430=IfcWallStandardCase.dat
27463=IfcWallStandardCase.dat
27496=IfcWallStandardCase.dat
27529=IfcWallStandardCase.dat
27562=IfcWallStandardCase.dat
27595=IfcWallStandardCase.dat
27628=IfcWallStandardCase.dat
27661=IfcWallStandardCase.dat
27694=IfcWallStandardCase.dat
27727=IfcWallStandardCase.dat
27760=IfcWallStandardCase.dat
27793=IfcWallStandardCase.dat
27826=IfcWallStandardCase.dat
27859=IfcWallStandardCase.dat
27900=IfcWallStandardCase.dat
27933=IfcWallStandardCase.dat
27966=IfcWallStandardCase.dat
27999=IfcWallStandardCase.dat
28032=IfcWallStandardCase.dat
28316=IfcWallStandardCase.dat
28349=IfcWallStandardCase.dat
28382=IfcWallStandardCase.dat
28415=IfcWallStandardCase.dat
28448=IfcWallStandardCase.dat
28481=IfcWallStandardCase.dat
28528=IfcWallStandardCase.dat
28561=IfcWallStandardCase.dat
28620=IfcWallStandardCase.dat
28653=IfcWallStandardCase.dat
28686=IfcWallStandardCase.dat
28719=IfcWallStandardCase.dat
28766=IfcWallStandardCase.dat
28815=IfcWallStandardCase.dat
28882=IfcWallStandardCase.dat
288959=IfcSlab.dat
28915=IfcWallStandardCase.dat
289598=IfcWallStandardCase.dat
28974=IfcWallStandardCase.dat
289837=IfcWallStandardCase.dat
29007=IfcWallStandardCase.dat
29090=IfcWallStandardCase.dat
291198=IfcWallStandardCase.dat
291231=IfcWallStandardCase.dat
29123=IfcWallStandardCase.dat
291290=IfcWallStandardCase.dat
29156=IfcWallStandardCase.dat
29195=IfcWallStandardCase.dat
292634=IfcWallStandardCase.dat
29263=IfcWallStandardCase.dat
292667=IfcWallStandardCase.dat
292700=IfcWallStandardCase.dat
292733=IfcWallStandardCase.dat
292786=IfcWallStandardCase.dat
292819=IfcWallStandardCase.dat
292852=IfcWallStandardCase.dat
292885=IfcWallStandardCase.dat
292944=IfcWallStandardCase.dat
29296=IfcWallStandardCase.dat
292977=IfcWallStandardCase.dat
293030=IfcWallStandardCase.dat
293083=IfcWallStandardCase.dat
293116=IfcWallStandardCase.dat
293195=IfcWallStandardCase.dat
293230=IfcWallStandardCase.dat
293263=IfcWallStandardCase.dat
293316=IfcWallStandardCase.dat
293349=IfcWallStandardCase.dat
293382=IfcWallStandardCase.dat
29340=IfcWallStandardCase.dat
293435=IfcWallStandardCase.dat
293468=IfcWallStandardCase.dat
293501=IfcWallStandardCase.dat
293534=IfcWallStandardCase.dat
293567=IfcWallStandardCase.dat
293600=IfcWallStandardCase.dat
293633=IfcWallStandardCase.dat
293666=IfcWallStandardCase.dat
29373=IfcWallStandardCase.dat
293745=IfcWallStandardCase.dat
293778=IfcWallStandardCase.dat
293811=IfcWallStandardCase.dat
293844=IfcWallStandardCase.dat
293899=IfcWallStandardCase.dat
293934=IfcWallStandardCase.dat
293969=IfcWallStandardCase.dat
294026=IfcWallStandardCase.dat
294059=IfcWallStandardCase.dat
29407=IfcWallStandardCase.dat
294112=IfcWallStandardCase.dat
294145=IfcWallStandardCase.dat
294198=IfcWallStandardCase.dat
294257=IfcWallStandardCase.dat
294290=IfcWallStandardCase.dat
294323=IfcWallStandardCase.dat
294356=IfcWallStandardCase.dat
294409=IfcWallStandardCase.dat
29441=IfcWallStandardCase.dat
294442=IfcWallStandardCase.dat
294495=IfcWallStandardCase.dat
294528=IfcWallStandardCase.dat
294581=IfcWallStandardCase.dat
294614=IfcWallStandardCase.dat
294667=IfcWallStandardCase.dat
294700=IfcWallStandardCase.dat
294733=IfcWallStandardCase.dat
29474=IfcWallStandardCase.dat
294806=IfcWallStandardCase.dat
294839=IfcWallStandardCase.dat
294872=IfcWallStandardCase.dat
294925=IfcWallStandardCase.dat
294958=IfcWallStandardCase.dat
294991=IfcWallStandardCase.dat
295044=IfcWallStandardCase.dat
295077=IfcWallStandardCase.dat
29507=IfcWallStandardCase.dat
295130=IfcWallStandardCase.dat
295199=IfcWallStandardCase.dat
295268=IfcWallStandardCase.dat
295337=IfcWallStandardCase.dat
295406=IfcWallStandardCase.dat
29540=IfcWallStandardCase.dat
295475=IfcWallStandardCase.dat
295544=IfcWallStandardCase.dat
295577=IfcWallStandardCase.dat
295610=IfcWallStandardCase.dat
295643=IfcWallStandardCase.dat
295676=IfcWallStandardCase.dat
295711=IfcWallStandardCase.dat
29573=IfcWallStandardCase.dat
295786=IfcWallStandardCase.dat
295819=IfcWallStandardCase.dat
295852=IfcWallStandardCase.dat
295885=IfcWallStandardCase.dat
295918=IfcWallStandardCase.dat
295971=IfcWallStandardCase.dat
296004=IfcWallStandardCase.dat
296037=IfcWallStandardCase.dat
29606=IfcWallStandardCase.dat
296070=IfcWallStandardCase.dat
296103=IfcWallStandardCase.dat
296136=IfcWallStandardCase.dat
296189=IfcWallStandardCase.dat
296222=IfcWallStandardCase.dat
296275=IfcWallStandardCase.dat
296308=IfcWallStandardCase.dat
296377=IfcWallStandardCase.dat
29639=IfcWallStandardCase.dat
296581=IfcWallStandardCase.dat
296672=IfcWallStandardCase.dat
296705=IfcWallStandardCase.dat
29672=IfcWallStandardCase.dat
296778=IfcWallStandardCase.dat
296811=IfcWallStandardCase.dat
296844=IfcWallStandardCase.dat
296877=IfcWallStandardCase.dat
296930=IfcWallStandardCase.dat
296963=IfcWallStandardCase.dat
297016=IfcWallStandardCase.dat
297049=IfcWallStandardCase.dat
29705=IfcWallStandardCase.dat
297082=IfcWallStandardCase.dat
297115=IfcWallStandardCase.dat
297148=IfcWallStandardCase.dat
297201=IfcWallStandardCase.dat
297260=IfcWallStandardCase.dat
297313=IfcWallStandardCase.dat
297346=IfcWallStandardCase.dat
29738=IfcWallStandardCase.dat
297405=IfcWallStandardCase.dat
297494=IfcWallStandardCase.dat
297563=IfcWallStandardCase.dat
297596=IfcWallStandardCase.dat
297651=IfcWallStandardCase.dat
297720=IfcWallStandardCase.dat
297868=IfcWallStandardCase.dat
297923=IfcWallStandardCase.dat
297956=IfcWallStandardCase.dat
29797=IfcWallStandardCase.dat
297989=IfcWallStandardCase.dat
298022=IfcWallStandardCase.dat
298062=IfcWallStandardCase.dat
298106=IfcWallStandardCase.dat
298183=IfcWallStandardCase.dat
298216=IfcWallStandardCase.dat
298249=IfcWallStandardCase.dat
29830=IfcWallStandardCase.dat
298326=IfcWallStandardCase.dat
298395=IfcWallStandardCase.dat
298472=IfcWallStandardCase.dat
298541=IfcWallStandardCase.dat
298574=IfcWallStandardCase.dat
298607=IfcWallStandardCase.dat
298640=IfcWallStandardCase.dat
298673=IfcWallStandardCase.dat
298706=IfcWallStandardCase.dat
298739=IfcWallStandardCase.dat
298774=IfcWallStandardCase.dat
298809=IfcWallStandardCase.dat
298844=IfcWallStandardCase.dat
298913=IfcWallStandardCase.dat
298982=IfcWallStandardCase.dat
299105=IfcWallStandardCase.dat
299138=IfcWallStandardCase.dat
299171=IfcWallStandardCase.dat
299204=IfcWallStandardCase.dat
29928=IfcWallStandardCase.dat
299416=IfcWallStandardCase.dat
299513=IfcWallStandardCase.dat
299582=IfcWallStandardCase.dat
299615=IfcWallStandardCase.dat
299670=IfcWallStandardCase.dat
299739=IfcWallStandardCase.dat
299808=IfcWallStandardCase.dat
29987=IfcWallStandardCase.dat
300028=IfcWallStandardCase.dat
300125=IfcWallStandardCase.dat
300158=IfcWallStandardCase.dat
300193=IfcWallStandardCase.dat
300353=IfcWallStandardCase.dat
300422=IfcWallStandardCase.dat
300491=IfcWallStandardCase.dat
300526=IfcWallStandardCase.dat
300595=IfcWallStandardCase.dat
300628=IfcWallStandardCase.dat
300661=IfcWallStandardCase.dat
300694=IfcWallStandardCase.dat
300767=IfcWallStandardCase.dat
300800=IfcWallStandardCase.dat
30085=IfcWallStandardCase.dat
300890=IfcWallStandardCase.dat
300943=IfcWallStandardCase.dat
301004=IfcWallStandardCase.dat
301037=IfcWallStandardCase.dat
301096=IfcWallStandardCase.dat
301129=IfcWallStandardCase.dat
301162=IfcWallStandardCase.dat
30118=IfcWallStandardCase.dat
301215=IfcWallStandardCase.dat
301255=IfcWallStandardCase.dat
301366=IfcWallStandardCase.dat
301435=IfcWallStandardCase.dat
301470=IfcWallStandardCase.dat
30151=IfcWallStandardCase.dat
301523=IfcWallStandardCase.dat
301576=IfcWallStandardCase.dat
301609=IfcWallStandardCase.dat
301642=IfcWallStandardCase.dat
301697=IfcWallStandardCase.dat
301730=IfcWallStandardCase.dat
301763=IfcWallStandardCase.dat
30184=IfcWallStandardCase.dat
30217=IfcWallStandardCase.dat
302378=IfcSlab.dat
30250=IfcWallStandardCase.dat
302757=IfcWallStandardCase.dat
302790=IfcWallStandardCase.dat
30283=IfcWallStandardCase.dat
302867=IfcWallStandardCase.dat
302900=IfcWallStandardCase.dat
302933=IfcWallStandardCase.dat
30316=IfcWallStandardCase.dat
303372=IfcFlowTerminal.dat
303392=IfcFlowTerminal.dat
303424=IfcWallStandardCase.dat
303457=IfcWallStandardCase.dat
303490=IfcWallStandardCase.dat
30349=IfcWallStandardCase.dat
303545=IfcWallStandardCase.dat
303578=IfcWallStandardCase.dat
30382=IfcWallStandardCase.dat
30415=IfcWallStandardCase.dat
30512=IfcWallStandardCase.dat
30545=IfcWallStandardCase.dat
30578=IfcWallStandardCase.dat
30675=IfcWallStandardCase.dat
30708=IfcWallStandardCase.dat
30741=IfcWallStandardCase.dat
30797=IfcWallStandardCase.dat
30877=IfcWallStandardCase.dat
30910=IfcWallStandardCase.dat
30943=IfcWallStandardCase.dat
30999=IfcWallStandardCase.dat
31032=IfcWallStandardCase.dat
31091=IfcWallStandardCase.dat
31147=IfcWallStandardCase.dat
31180=IfcWallStandardCase.dat
31236=IfcWallStandardCase.dat
31269=IfcWallStandardCase.dat
31302=IfcWallStandardCase.dat
31358=IfcWallStandardCase.dat
31391=IfcWallStandardCase.dat
31424=IfcWallStandardCase.dat
31480=IfcWallStandardCase.dat
31513=IfcWallStandardCase.dat
31546=IfcWallStandardCase.dat
31579=IfcWallStandardCase.dat
31612=IfcWallStandardCase.dat
31689=IfcWallStandardCase.dat
31766=IfcWallStandardCase.dat
31799=IfcWallStandardCase.dat
31832=IfcWallStandardCase.dat
31865=IfcWallStandardCase.dat
31900=IfcWallStandardCase.dat
31933=IfcWallStandardCase.dat
31966=IfcWallStandardCase.dat
31999=IfcWallStandardCase.dat
32032=IfcWallStandardCase.dat
32065=IfcWallStandardCase.dat
32098=IfcWallStandardCase.dat
32131=IfcWallStandardCase.dat
32164=IfcWallStandardCase.dat
32197=IfcWallStandardCase.dat
32230=IfcWallStandardCase.dat
32263=IfcWallStandardCase.dat
32303=IfcWallStandardCase.dat
32380=IfcWallStandardCase.dat
32415=IfcWallStandardCase.dat
32492=IfcWallStandardCase.dat
32525=IfcWallStandardCase.dat
32584=IfcWallStandardCase.dat
32617=IfcWallStandardCase.dat
32676=IfcWallStandardCase.dat
32709=IfcWallStandardCase.dat
32744=IfcWallStandardCase.dat
32777=IfcWallStandardCase.dat
32810=IfcWallStandardCase.dat
32843=IfcWallStandardCase.dat
32902=IfcWallStandardCase.dat
32958=IfcWallStandardCase.dat
32991=IfcWallStandardCase.dat
33068=IfcWallStandardCase.dat
33101=IfcWallStandardCase.dat
33134=IfcWallStandardCase.dat
33167=IfcWallStandardCase.dat
33200=IfcWallStandardCase.dat
33233=IfcWallStandardCase.dat
33266=IfcWallStandardCase.dat
33299=IfcWallStandardCase.dat
33332=IfcWallStandardCase.dat
33365=IfcWallStandardCase.dat
33398=IfcWallStandardCase.dat
33431=IfcWallStandardCase.dat
33512=IfcWallStandardCase.dat
33545=IfcWallStandardCase.dat
33578=IfcWallStandardCase.dat
33634=IfcWallStandardCase.dat
33667=IfcWallStandardCase.dat
33759=IfcWallStandardCase.dat
33999=IfcWallStandardCase.dat
34339=IfcWall.dat
34371=IfcWallStandardCase.dat
34404=IfcWallStandardCase.dat
34450=IfcWallStandardCase.dat
34484=IfcWallStandardCase.dat
34517=IfcWallStandardCase.dat
34550=IfcWallStandardCase.dat
34583=IfcWallStandardCase.dat
34616=IfcWallStandardCase.dat
34649=IfcWallStandardCase.dat
34682=IfcWallStandardCase.dat
34715=IfcWallStandardCase.dat
34748=IfcWallStandardCase.dat
34846=IfcWallStandardCase.dat
34879=IfcWallStandardCase.dat
34912=IfcWallStandardCase.dat
34945=IfcWallStandardCase.dat
34978=IfcWallStandardCase.dat
35017=IfcWallStandardCase.dat
35078=IfcWallStandardCase.dat
35128=IfcWallStandardCase.dat
35161=IfcWallStandardCase.dat
35220=IfcWallStandardCase.dat
35253=IfcWallStandardCase.dat
35286=IfcWallStandardCase.dat
35371=IfcWallStandardCase.dat
35404=IfcWallStandardCase.dat
35437=IfcWallStandardCase.dat
35470=IfcWallStandardCase.dat
35511=IfcWallStandardCase.dat
35544=IfcWallStandardCase.dat
35577=IfcWallStandardCase.dat
35610=IfcWallStandardCase.dat
35643=IfcWallStandardCase.dat
35676=IfcWallStandardCase.dat
35709=IfcWallStandardCase.dat
35765=IfcWallStandardCase.dat
35862=IfcWallStandardCase.dat
35895=IfcWallStandardCase.dat
35928=IfcWallStandardCase.dat
35961=IfcWallStandardCase.dat
35994=IfcWallStandardCase.dat
36027=IfcWallStandardCase.dat
36060=IfcWallStandardCase.dat
36093=IfcWallStandardCase.dat
36126=IfcWallStandardCase.dat
36159=IfcWallStandardCase.dat
36192=IfcWallStandardCase.dat
36225=IfcWallStandardCase.dat
36258=IfcWallStandardCase.dat
36291=IfcWallStandardCase.dat
36324=IfcWallStandardCase.dat
36357=IfcWallStandardCase.dat
36390=IfcWallStandardCase.dat
36423=IfcWallStandardCase.dat
36456=IfcWallStandardCase.dat
36489=IfcWallStandardCase.dat
36522=IfcWallStandardCase.dat
36555=IfcWallStandardCase.dat
36588=IfcWallStandardCase.dat
36621=IfcWallStandardCase.dat
36654=IfcWallStandardCase.dat
36688=IfcWallStandardCase.dat
36721=IfcWallStandardCase.dat
36754=IfcWallStandardCase.dat
36787=IfcWallStandardCase.dat
36820=IfcWallStandardCase.dat
36853=IfcWallStandardCase.dat
36886=IfcWallStandardCase.dat
36919=IfcWallStandardCase.dat
36952=IfcWallStandardCase.dat
36985=IfcWallStandardCase.dat
37018=IfcWallStandardCase.dat
37051=IfcWallStandardCase.dat
37084=IfcWallStandardCase.dat
37117=IfcWallStandardCase.dat
37150=IfcWallStandardCase.dat
37183=IfcWallStandardCase.dat
37216=IfcWallStandardCase.dat
37256=IfcWallStandardCase.dat
37333=IfcWallStandardCase.dat
37368=IfcWallStandardCase.dat
37437=IfcWallStandardCase.dat
37472=IfcWallStandardCase.dat
37505=IfcWallStandardCase.dat
37538=IfcWallStandardCase.dat
37571=IfcWallStandardCase.dat
37604=IfcWallStandardCase.dat
37637=IfcWallStandardCase.dat
37670=IfcWallStandardCase.dat
37703=IfcWallStandardCase.dat
37736=IfcWallStandardCase.dat
37769=IfcWallStandardCase.dat
37802=IfcWallStandardCase.dat
37835=IfcWallStandardCase.dat
37868=IfcWallStandardCase.dat
37901=IfcWallStandardCase.dat
37936=IfcWallStandardCase.dat
37999=IfcWallStandardCase.dat
38032=IfcWallStandardCase.dat
38065=IfcWallStandardCase.dat
38098=IfcWallStandardCase.dat
38154=IfcWallStandardCase.dat
38187=IfcWallStandardCase.dat
38220=IfcWallStandardCase.dat
38255=IfcWallStandardCase.dat
38313=IfcWallStandardCase.dat
38372=IfcWallStandardCase.dat
38405=IfcWallStandardCase.dat
38438=IfcWallStandardCase.dat
38471=IfcWallStandardCase.dat
38504=IfcWallStandardCase.dat
38537=IfcWallStandardCase.dat
38570=IfcWallStandardCase.dat
38629=IfcWallStandardCase.dat
38662=IfcWallStandardCase.dat
38695=IfcWallStandardCase.dat
38728=IfcWallStandardCase.dat
38761=IfcWallStandardCase.dat
38794=IfcWallStandardCase.dat
38827=IfcWallStandardCase.dat
38860=IfcWallStandardCase.dat
38893=IfcWallStandardCase.dat
38926=IfcWallStandardCase.dat
38959=IfcWallStandardCase.dat
38992=IfcWallStandardCase.dat
39025=IfcWallStandardCase.dat
39058=IfcWallStandardCase.dat
39093=IfcWallStandardCase.dat
39126=IfcWallStandardCase.dat
39159=IfcWallStandardCase.dat
39195=IfcWallStandardCase.dat
39230=IfcWallStandardCase.dat
39263=IfcWallStandardCase.dat
39296=IfcWallStandardCase.dat
39329=IfcWallStandardCase.dat
39362=IfcWallStandardCase.dat
39395=IfcWallStandardCase.dat
39429=IfcWallStandardCase.dat
39462=IfcWallStandardCase.dat
39495=IfcWallStandardCase.dat
39531=IfcWallStandardCase.dat
39565=IfcWallStandardCase.dat
39624=IfcWallStandardCase.dat
39657=IfcWallStandardCase.dat
39690=IfcWallStandardCase.dat
39723=IfcWallStandardCase.dat
39756=IfcWallStandardCase.dat
39789=IfcWallStandardCase.dat
39822=IfcWallStandardCase.dat
39855=IfcWallStandardCase.dat
39888=IfcWallStandardCase.dat
39921=IfcWallStandardCase.dat
39954=IfcWallStandardCase.dat
39987=IfcWallStandardCase.dat
40020=IfcWallStandardCase.dat
40053=IfcWallStandardCase.dat
40086=IfcWallStandardCase.dat
40119=IfcWallStandardCase.dat
40175=IfcWallStandardCase.dat
40208=IfcWallStandardCase.dat
40241=IfcWallStandardCase.dat
40274=IfcWallStandardCase.dat
40307=IfcWallStandardCase.dat
40340=IfcWallStandardCase.dat
40373=IfcWallStandardCase.dat
40406=IfcWallStandardCase.dat
40439=IfcWallStandardCase.dat
40480=IfcWallStandardCase.dat
40958=IfcWall.dat
40990=IfcWallStandardCase.dat
41023=IfcWallStandardCase.dat
41056=IfcWallStandardCase.dat
41089=IfcWallStandardCase.dat
41145=IfcWallStandardCase.dat
41201=IfcWallStandardCase.dat
41234=IfcWallStandardCase.dat
41267=IfcWallStandardCase.dat
41300=IfcWallStandardCase.dat
41333=IfcWallStandardCase.dat
41366=IfcWallStandardCase.dat
41399=IfcWallStandardCase.dat
41432=IfcWallStandardCase.dat
41491=IfcWallStandardCase.dat
41524=IfcWallStandardCase.dat
41557=IfcWallStandardCase.dat
41590=IfcWallStandardCase.dat
41623=IfcWallStandardCase.dat
41656=IfcWallStandardCase.dat
41689=IfcWallStandardCase.dat
41722=IfcWallStandardCase.dat
41755=IfcWallStandardCase.dat
41788=IfcWallStandardCase.dat
41821=IfcWallStandardCase.dat
41854=IfcWallStandardCase.dat
41887=IfcWallStandardCase.dat
41920=IfcWallStandardCase.dat
41953=IfcWallStandardCase.dat
41986=IfcWallStandardCase.dat
42019=IfcWallStandardCase.dat
42052=IfcWallStandardCase.dat
42085=IfcWallStandardCase.dat
42118=IfcWallStandardCase.dat
42151=IfcWallStandardCase.dat
42184=IfcWallStandardCase.dat
42217=IfcWallStandardCase.dat
42250=IfcWallStandardCase.dat
42283=IfcWallStandardCase.dat
42316=IfcWallStandardCase.dat
42349=IfcWallStandardCase.dat
42382=IfcWallStandardCase.dat
42415=IfcWallStandardCase.dat
42448=IfcWallStandardCase.dat
42622=IfcWall.dat
42654=IfcWallStandardCase.dat
42687=IfcWallStandardCase.dat
42720=IfcWallStandardCase.dat
42753=IfcWallStandardCase.dat
42786=IfcWallStandardCase.dat
42819=IfcWallStandardCase.dat
42852=IfcWallStandardCase.dat
42925=IfcWallStandardCase.dat
42985=IfcWallStandardCase.dat
43018=IfcWallStandardCase.dat
43052=IfcWallStandardCase.dat
43085=IfcWallStandardCase.dat
43118=IfcWallStandardCase.dat
43151=IfcWallStandardCase.dat
43224=IfcWallStandardCase.dat
43258=IfcWallStandardCase.dat
43291=IfcWallStandardCase.dat
43324=IfcWallStandardCase.dat
43421=IfcWallStandardCase.dat
43454=IfcWallStandardCase.dat
43487=IfcWallStandardCase.dat
43520=IfcWallStandardCase.dat
43579=IfcWallStandardCase.dat
43612=IfcWallStandardCase.dat
43645=IfcWallStandardCase.dat
43699=IfcWallStandardCase.dat
43732=IfcWallStandardCase.dat
43765=IfcWallStandardCase.dat
43798=IfcWallStandardCase.dat
43831=IfcWallStandardCase.dat
43864=IfcWallStandardCase.dat
43897=IfcWallStandardCase.dat
43930=IfcWallStandardCase.dat
43963=IfcWallStandardCase.dat
43996=IfcWallStandardCase.dat
44029=IfcWallStandardCase.dat
44062=IfcWallStandardCase.dat
44095=IfcWallStandardCase.dat
44128=IfcWallStandardCase.dat
44161=IfcWallStandardCase.dat
44194=IfcWallStandardCase.dat
44227=IfcWallStandardCase.dat
44260=IfcWallStandardCase.dat
44293=IfcWallStandardCase.dat
44326=IfcWallStandardCase.dat
44403=IfcWallStandardCase.dat
44438=IfcWallStandardCase.dat
44507=IfcWallStandardCase.dat
44547=IfcWallStandardCase.dat
44580=IfcWallStandardCase.dat
44613=IfcWallStandardCase.dat
44646=IfcWallStandardCase.dat
44679=IfcWallStandardCase.dat
44712=IfcWallStandardCase.dat
44751=IfcWallStandardCase.dat
44801=IfcWallStandardCase.dat
44835=IfcWallStandardCase.dat
44869=IfcWallStandardCase.dat
44903=IfcWallStandardCase.dat
44937=IfcWallStandardCase.dat
44971=IfcWallStandardCase.dat
45004=IfcWallStandardCase.dat
45037=IfcWallStandardCase.dat
45070=IfcWallStandardCase.dat
45103=IfcWallStandardCase.dat
45136=IfcWallStandardCase.dat
45169=IfcWallStandardCase.dat
45202=IfcWallStandardCase.dat
45235=IfcWallStandardCase.dat
45268=IfcWallStandardCase.dat
45318=IfcWallStandardCase.dat
45351=IfcWallStandardCase.dat
45417=IfcWallStandardCase.dat
45484=IfcWallStandardCase.dat
45555=IfcWallStandardCase.dat
45595=IfcWallStandardCase.dat
45628=IfcWallStandardCase.dat
45661=IfcWallStandardCase.dat
45694=IfcWallStandardCase.dat
45727=IfcWallStandardCase.dat
45760=IfcWallStandardCase.dat
45793=IfcWallStandardCase.dat
45826=IfcWallStandardCase.dat
45859=IfcWallStandardCase.dat
45892=IfcWallStandardCase.dat
45925=IfcWallStandardCase.dat
45958=IfcWallStandardCase.dat
45991=IfcWallStandardCase.dat
46024=IfcWallStandardCase.dat
46059=IfcWallStandardCase.dat
46094=IfcWallStandardCase.dat
46150=IfcWallStandardCase.dat
46183=IfcWallStandardCase.dat
46216=IfcWallStandardCase.dat
46249=IfcWallStandardCase.dat
46282=IfcWallStandardCase.dat
46315=IfcWallStandardCase.dat
46348=IfcWallStandardCase.dat
46381=IfcWallStandardCase.dat
46414=IfcWallStandardCase.dat
46447=IfcWallStandardCase.dat
46480=IfcWallStandardCase.dat
46536=IfcWallStandardCase.dat
46569=IfcWallStandardCase.dat
46602=IfcWallStandardCase.dat
46635=IfcWallStandardCase.dat
46668=IfcWallStandardCase.dat
46701=IfcWallStandardCase.dat
46734=IfcWallStandardCase.dat
46767=IfcWallStandardCase.dat
46800=IfcWallStandardCase.dat
46833=IfcWallStandardCase.dat
46866=IfcWallStandardCase.dat
46899=IfcWallStandardCase.dat
46932=IfcWallStandardCase.dat
46965=IfcWallStandardCase.dat
46998=IfcWallStandardCase.dat
47031=IfcWallStandardCase.dat
47064=IfcWallStandardCase.dat
47097=IfcWallStandardCase.dat
47130=IfcWallStandardCase.dat
47163=IfcWallStandardCase.dat
47219=IfcWallStandardCase.dat
47252=IfcWallStandardCase.dat
47329=IfcWallStandardCase.dat
47388=IfcWallStandardCase.dat
47465=IfcWallStandardCase.dat
47498=IfcWallStandardCase.dat
47555=IfcWallStandardCase.dat
47588=IfcWallStandardCase.dat
47621=IfcWallStandardCase.dat
47654=IfcWallStandardCase.dat
47687=IfcWallStandardCase.dat
47720=IfcWallStandardCase.dat
47753=IfcWallStandardCase.dat
47786=IfcWallStandardCase.dat
47819=IfcWallStandardCase.dat
47938=IfcWallStandardCase.dat
47971=IfcWallStandardCase.dat
48071=IfcWallStandardCase.dat
48104=IfcWallStandardCase.dat
48137=IfcWallStandardCase.dat
48170=IfcWallStandardCase.dat
48203=IfcWallStandardCase.dat
48236=IfcWallStandardCase.dat
48269=IfcWallStandardCase.dat
48302=IfcWallStandardCase.dat
48335=IfcWallStandardCase.dat
48368=IfcWallStandardCase.dat
48401=IfcWallStandardCase.dat
48436=IfcWallStandardCase.dat
48469=IfcWallStandardCase.dat
48503=IfcWallStandardCase.dat
48536=IfcWallStandardCase.dat
48569=IfcWallStandardCase.dat
48627=IfcWallStandardCase.dat
48660=IfcWallStandardCase.dat
48719=IfcWallStandardCase.dat
48778=IfcWallStandardCase.dat
48837=IfcWallStandardCase.dat
48870=IfcWallStandardCase.dat
48917=IfcWallStandardCase.dat
48950=IfcWallStandardCase.dat
48983=IfcWallStandardCase.dat
49016=IfcWallStandardCase.dat
49049=IfcWallStandardCase.dat
49082=IfcWallStandardCase.dat
49141=IfcWallStandardCase.dat
49200=IfcWallStandardCase.dat
49233=IfcWallStandardCase.dat
49266=IfcWallStandardCase.dat
49299=IfcWallStandardCase.dat
49332=IfcWallStandardCase.dat
49388=IfcWallStandardCase.dat
49421=IfcWallStandardCase.dat
49480=IfcWallStandardCase.dat
49513=IfcWallStandardCase.dat
49546=IfcWallStandardCase.dat
49579=IfcWallStandardCase.dat
49612=IfcWallStandardCase.dat
49645=IfcWallStandardCase.dat
49678=IfcWallStandardCase.dat
49711=IfcWallStandardCase.dat
49744=IfcWallStandardCase.dat
49777=IfcWallStandardCase.dat
49810=IfcWallStandardCase.dat
49843=IfcWallStandardCase.dat
49902=IfcWallStandardCase.dat
49935=IfcWallStandardCase.dat
49968=IfcWallStandardCase.dat
50027=IfcWallStandardCase.dat
50060=IfcWallStandardCase.dat
50119=IfcWallStandardCase.dat
50152=IfcWallStandardCase.dat
50185=IfcWallStandardCase.dat
50218=IfcWallStandardCase.dat
50251=IfcWallStandardCase.dat
50284=IfcWallStandardCase.dat
50317=IfcWallStandardCase.dat
50350=IfcWallStandardCase.dat
50383=IfcWallStandardCase.dat
50416=IfcWallStandardCase.dat
50449=IfcWallStandardCase.dat
50482=IfcWallStandardCase.dat
50515=IfcWallStandardCase.dat
50548=IfcWallStandardCase.dat
50581=IfcWallStandardCase.dat
50614=IfcWallStandardCase.dat
50647=IfcWallStandardCase.dat
50680=IfcWallStandardCase.dat
50713=IfcWallStandardCase.dat
50746=IfcWallStandardCase.dat
50779=IfcWallStandardCase.dat
50812=IfcWallStandardCase.dat
50845=IfcWallStandardCase.dat
50878=IfcWallStandardCase.dat
50911=IfcWallStandardCase.dat
50944=IfcWallStandardCase.dat
50977=IfcWallStandardCase.dat
51010=IfcWallStandardCase.dat
51066=IfcWallStandardCase.dat
51124=IfcWallStandardCase.dat
51164=IfcWallStandardCase.dat
51197=IfcWallStandardCase.dat
51230=IfcWallStandardCase.dat
51263=IfcWallStandardCase.dat
51296=IfcWallStandardCase.dat
51329=IfcWallStandardCase.dat
51362=IfcWallStandardCase.dat
51395=IfcWallStandardCase.dat
51462=IfcWallStandardCase.dat
51495=IfcWallStandardCase.dat
51536=IfcWallStandardCase.dat
51569=IfcWallStandardCase.dat
51627=IfcWallStandardCase.dat
51688=IfcWallStandardCase.dat
51721=IfcWallStandardCase.dat
51754=IfcWallStandardCase.dat
51787=IfcWallStandardCase.dat
51820=IfcWallStandardCase.dat
51853=IfcWallStandardCase.dat
51886=IfcWallStandardCase.dat
51919=IfcWallStandardCase.dat
51952=IfcWallStandardCase.dat
51985=IfcWallStandardCase.dat
52018=IfcWallStandardCase.dat
52051=IfcWallStandardCase.dat
52084=IfcWallStandardCase.dat
52117=IfcWallStandardCase.dat
52150=IfcWallStandardCase.dat
52183=IfcWallStandardCase.dat
52224=IfcWallStandardCase.dat
52257=IfcWallStandardCase.dat
52290=IfcWallStandardCase.dat
52323=IfcWallStandardCase.dat
52356=IfcWallStandardCase.dat
52389=IfcWallStandardCase.dat
52422=IfcWallStandardCase.dat
52455=IfcWallStandardCase.dat
52488=IfcWallStandardCase.dat
52521=IfcWallStandardCase.dat
52554=IfcWallStandardCase.dat
52587=IfcWallStandardCase.dat
52637=IfcWallStandardCase.dat
52678=IfcWallStandardCase.dat
52711=IfcWallStandardCase.dat
52752=IfcWallStandardCase.dat
52785=IfcWallStandardCase.dat
52818=IfcWallStandardCase.dat
52859=IfcWallStandardCase.dat
52892=IfcWallStandardCase.dat
52925=IfcWallStandardCase.dat
53008=IfcWallStandardCase.dat
53041=IfcWallStandardCase.dat
53074=IfcWallStandardCase.dat
53107=IfcWallStandardCase.dat
53140=IfcWallStandardCase.dat
53173=IfcWallStandardCase.dat
53229=IfcWallStandardCase.dat
53262=IfcWallStandardCase.dat
53295=IfcWallStandardCase.dat
53354=IfcWallStandardCase.dat
53387=IfcWallStandardCase.dat
53460=IfcWallStandardCase.dat
53493=IfcWallStandardCase.dat
53526=IfcWallStandardCase.dat
53585=IfcWallStandardCase.dat
53618=IfcWallStandardCase.dat
53651=IfcWallStandardCase.dat
53684=IfcWallStandardCase.dat
53717=IfcWallStandardCase.dat
53750=IfcWallStandardCase.dat
53783=IfcWallStandardCase.dat
53824=IfcWallStandardCase.dat
53857=IfcWallStandardCase.dat
53890=IfcWallStandardCase.dat
53923=IfcWallStandardCase.dat
53964=IfcWallStandardCase.dat
54023=IfcWallStandardCase.dat
54056=IfcWallStandardCase.dat
54115=IfcWallStandardCase.dat
